<?xml version="1.0" encoding="utf-8"?><testsuite errors="0" failures="0" name="pytest" skips="0" tests="5" time="0.642"><testcase classname="test2.TestStringMethods" name="test_equal" time="0.000126838684082"><system-out>setupModule, restore database into initial state
Setup, preparing for testing
tearDown, cleaning local mess
</system-out></testcase><testcase classname="test2.TestStringMethods" name="test_integer_equal" time="0.00011420249939"><system-out>Setup, preparing for testing
tearDown, cleaning local mess
</system-out></testcase><testcase classname="test.TestStringMethods" name="test_isupper" time="7.41481781006e-05"/><testcase classname="test.TestStringMethods" name="test_split" time="7.60555267334e-05"/><testcase classname="test.TestStringMethods" name="test_upper" time="6.41345977783e-05"/></testsuite>